Microchip MPLAB XC8 Compiler V2.50

Linker command line:

-W-3 \
  --edf=C:\Program Files\Microchip\xc8\v2.50\pic\dat\20240725155939_en.msgs \
  -cn -h+dist/default/production\PICK_2_LIGHT.X.production.sym \
  --cmf=dist/default/production\PICK_2_LIGHT.X.production.cmf -z -Q18F4580 \
  -oC:\Users\jayanth\AppData\Local\Temp\xcAs98.\driver_tmp_3.o \
  --defsym=__MPLAB_BUILD=1 --fixupoverflow=error \
  -Mdist/default/production/PICK_2_LIGHT.X.production.map \
  --md=C:\Users\jayanth\AppData\Local\Temp\xcAs98.\driver_tmp_0.dat -E1 \
  -ver=XC8 Compiler --acfsm=1493 -ACODE=00h-03000h -ACONST=00h-03000h \
  -ASMALLCONST=0600h-06FFhx42,03000h-03000h -AMEDIUMCONST=0600h-03000h \
  -ACOMRAM=01h-05Fh -AABS1=00h-05FFh -ABIGRAM=01h-05FFh \
  -ARAM=060h-0FFh,0100h-01FFhx5 -ABANK0=060h-0FFh -ABANK1=0100h-01FFh \
  -ABANK2=0200h-02FFh -ABANK3=0300h-03FFh -ABANK4=0400h-04FFh \
  -ABANK5=0500h-05FFh -ASFR=0D00h-0DFFhx2,0F00h-0F5Fh,0F60h-0FFFh \
  -ABIGSFR=0D00h-0FFFh -ACONFIG=0300000h-030000Dh -AIDLOC=0200000h-0200007h \
  -AEEDATA=0F00000h-0F000FFh -peeprom_data=EEDATA \
  -preset_vec=00h,intcode=8h,intcodelo,powerup,init -pramtop=0600h \
  -psmallconst=SMALLCONST -pmediumconst=MEDIUMCONST -pconst=CONST \
  -AFARRAM=00h-00h \
  -prdata=COMRAM,nvrram=COMRAM,nvbit=COMRAM,rbss=COMRAM,rbit=COMRAM \
  -pfarbss=FARRAM,fardata=FARRAM,nvFARRAM=FARRAM \
  -pintsave_regs=BIGRAM,bigbss=BIGRAM,bigdata=BIGRAM -pbss=RAM \
  -pidata=CODE,irdata=CODE,ibigdata=CODE,ifardata=CODE -prparam=COMRAM \
  C:\Users\jayanth\AppData\Local\Temp\xcAs98.\driver_tmp_9.o \
  dist/default/production\PICK_2_LIGHT.X.production.o 

Object code version is 3.11

Machine type is 18F4580



                Name                               Link     Load   Length Selector   Space Scale
C:\Users\jayanth\AppData\Local\Temp\xcAs98.\driver_tmp_9.o
                idloc                            200000   200000        8        0       5
                config                           300000   300000        E        0       4
                init                                  E        E        4        4       0
                reset_vec                             0        0        4        0       0
dist/default/production\PICK_2_LIGHT.X.production.o
                intcode                               8        8        6        4       0
                idloc                            200000   200000        8        0       5
                config                           300000   300000        E        0       4
                temp                                 5E       5E        1        1       1
                smallconst                          600      600        2      300       0
                intcode_body                       161C     161C       60      301       0
                text20                             12FC     12FC       C2      301       0
                text19                             13BE     13BE       AE      301       0
                text18                             17F4     17F4       50      301       0
                text17                             18F6     18F6       12      C6F       0
                text16                             1182     1182      17A      301       0
                text15                             1844     1844       48      301       0
                text14                             192C     192C        8      C6F       0
                text13                             1924     1924        8      C6F       0
                text12                             1908     1908       10      C6F       0
                text11                             18DE     18DE       18      C6F       0
                text10                             1556     1556       64      301       0
                text9                              188C     188C       30      301       0
                text8                               CA8      CA8      322      301       0
                text7                              14E2     14E2       74      301       0
                text6                              146C     146C       76      301       0
                text5                              1796     1796       5E      301       0
                text4                              1738     1738       5E      301       0
                text3                              16DA     16DA       5E      301       0
                text2                              167C     167C       5E      301       0
                text1                               FCA      FCA      1B8      301       0
                text0                               602      602      6A6      301       0
                cstackCOMRAM                         49       49       15        1       1
                dataBANK0                            83       83        C       60       1
                bssBANK0                             60       60       23       60       1
                dataCOMRAM                           28       28       21        1       1
                bssCOMRAM                             1        1       27        1       1
                cinit                              15BA     15BA       62      301       0
                idataBANK0                         1918     1918        C      C6F       0
                idataCOMRAM                        18BC     18BC       21      301       0

TOTAL           Name                               Link     Load   Length     Space
        CLASS   CODE           
                intcode                               8        8        6         0
                init                                  E        E        4         0
                reset_vec                             0        0        4         0
                intcode_body                       161C     161C       60         0
                text20                             12FC     12FC       C2         0
                text19                             13BE     13BE       AE         0
                text18                             17F4     17F4       50         0
                text17                             18F6     18F6       12         0
                text16                             1182     1182      17A         0
                text15                             1844     1844       48         0
                text14                             192C     192C        8         0
                text13                             1924     1924        8         0
                text12                             1908     1908       10         0
                text11                             18DE     18DE       18         0
                text10                             1556     1556       64         0
                text9                              188C     188C       30         0
                text8                               CA8      CA8      322         0
                text7                              14E2     14E2       74         0
                text6                              146C     146C       76         0
                text5                              1796     1796       5E         0
                text4                              1738     1738       5E         0
                text3                              16DA     16DA       5E         0
                text2                              167C     167C       5E         0
                text1                               FCA      FCA      1B8         0
                text0                               602      602      6A6         0
                cinit                              15BA     15BA       62         0
                idataBANK0                         1918     1918        C         0
                idataCOMRAM                        18BC     18BC       21         0

        CLASS   CONST          

        CLASS   SMALLCONST     
                smallconst                          600      600        2         0

        CLASS   MEDIUMCONST    

        CLASS   COMRAM         
                temp                                 5E       5E        1         1
                cstackCOMRAM                         49       49       15         1
                dataCOMRAM                           28       28       21         1
                bssCOMRAM                             1        1       27         1

        CLASS   ABS1           

        CLASS   BIGRAM         

        CLASS   RAM            

        CLASS   BANK0          
                dataBANK0                            83       83        C         1
                bssBANK0                             60       60       23         1

        CLASS   BANK1          

        CLASS   BANK2          

        CLASS   BANK3          

        CLASS   BANK4          

        CLASS   BANK5          

        CLASS   SFR            

        CLASS   BIGSFR         

        CLASS   CONFIG         
                config                           300000   300000        E         4

        CLASS   IDLOC          
                idloc                            200000   200000        8         5

        CLASS   EEDATA         

        CLASS   FARRAM         

        CLASS   HEAP           

        CLASS   STACK          



SEGMENTS        Name                           Load    Length   Top    Selector   Space  Class

                reset_vec                      000000  000004  000004         0       0  CODE    
                bssCOMRAM                      000001  00005E  00005F         1       1  COMRAM  
                intcode                        000008  00000A  000012         4       0  CODE    
                bssBANK0                       000060  00002F  00008F        60       1  BANK0   
                smallconst                     000600  000002  000602       300       0  SMALLCON
                text0                          000602  0012DB  0018DD       301       0  CODE    
                text11                         0018DE  000056  001934       C6F       0  CODE    


UNUSED ADDRESS RANGES

        Name                Unused          Largest block    Delta
        BANK0            00008F-0000FF               71
        BANK1            000100-0001FF              100
        BANK2            000200-0002FF              100
        BANK3            000300-0003FF              100
        BANK4            000400-0004FF              100
        BANK5            000500-0005FF              100
        BIGRAM           00005F-00005F                1
                         00008F-0005FF              571
        BIGSFR           000D00-000FFF              300
        CODE             000004-000007                4
                         000012-0005FF              5EE
                         0018DD-0018DD                1
                         001934-003000             16CD
        COMRAM           00005F-00005F                1
        CONST            000004-000007                4
                         000012-0005FF              5EE
                         0018DD-0018DD                1
                         001934-003000             16CD
        EEDATA           F00000-F000FF              100
        MEDIUMCONST      0018DD-0018DD                1
                         001934-003000             16CD
        RAM              00008F-0005FF              100
        SFR              000D00-000FFF              100
        SMALLCONST       0018DD-0018DD                1
                         001934-003000              100

                                  Symbol Table

?___awdiv                                    cstackCOMRAM 000049
?___awmod                                    cstackCOMRAM 000051
_BRGCON1                                     (abs)        000F70
_BRGCON2                                     (abs)        000F71
_BRGCON3                                     (abs)        000F72
_CANCON                                      (abs)        000F6F
_CANSTAT                                     (abs)        000F6E
_ECANCON                                     (abs)        000F77
_EEADR                                       (abs)        000FA9
_EECON1bits                                  (abs)        000FA6
_EECON2                                      (abs)        000FA7
_EEDATA                                      (abs)        000FA8
_GIE                                         (abs)        007F97
_INT0E                                       (abs)        007F94
_INT0F                                       (abs)        007F91
_INTEDG0                                     (abs)        007F8E
_PEIE                                        (abs)        007F96
_PIR2bits                                    (abs)        000FA1
_PORTA                                       (abs)        000F80
_PORTC                                       (abs)        000F82
_PORTD                                       (abs)        000F83
_RXB0CON                                     (abs)        000F60
_RXB0D0                                      (abs)        000F66
_RXB0D1                                      (abs)        000F67
_RXB0D2                                      (abs)        000F68
_RXB0D3                                      (abs)        000F69
_RXB0D4                                      (abs)        000F6A
_RXB0D5                                      (abs)        000F6B
_RXB0D6                                      (abs)        000F6C
_RXB0D7                                      (abs)        000F6D
_RXB0DLC                                     (abs)        000F65
_RXB0EIDH                                    (abs)        000F63
_RXB0EIDL                                    (abs)        000F64
_RXB0FUL                                     (abs)        007B07
_RXB0IF                                      (abs)        007D20
_RXB0SIDH                                    (abs)        000F61
_RXB0SIDL                                    (abs)        000F62
_RXF0EIDH                                    (abs)        000F02
_RXF0EIDL                                    (abs)        000F03
_RXF0SIDH                                    (abs)        000F00
_RXF0SIDL                                    (abs)        000F01
_RXFCON0                                     (abs)        000DD4
_TRISA                                       (abs)        000F92
_TRISB0                                      (abs)        007C98
_TRISB2                                      (abs)        007C9A
_TRISB3                                      (abs)        007C9B
_TRISC                                       (abs)        000F94
_TRISD                                       (abs)        000F95
_TXB0D0                                      (abs)        000F46
_TXB0D1                                      (abs)        000F47
_TXB0D2                                      (abs)        000F48
_TXB0D3                                      (abs)        000F49
_TXB0D4                                      (abs)        000F4A
_TXB0D5                                      (abs)        000F4B
_TXB0D6                                      (abs)        000F4C
_TXB0D7                                      (abs)        000F4D
_TXB0DLC                                     (abs)        000F45
_TXB0EIDH                                    (abs)        000F43
_TXB0EIDL                                    (abs)        000F44
_TXB0REQ                                     (abs)        007A03
_TXB0SIDH                                    (abs)        000F41
_TXB0SIDL                                    (abs)        000F42
__HRAM                                       (abs)        000000
__H__absolute__                              __absolute__ 000000
__Habs1                                      abs1         000000
__Hbank0                                     bank0        000000
__Hbank1                                     bank1        000000
__Hbank2                                     bank2        000000
__Hbank3                                     bank3        000000
__Hbank4                                     bank4        000000
__Hbank5                                     bank5        000000
__Hbigbss                                    bigbss       000000
__Hbigdata                                   bigdata      000000
__Hbigram                                    bigram       000000
__Hbigsfr                                    bigsfr       000000
__Hbss                                       bss          000000
__HbssBANK0                                  bssBANK0     000000
__HbssCOMRAM                                 bssCOMRAM    000000
__Hcinit                                     cinit        000000
__Hclrtext                                   clrtext      000000
__Hcomram                                    comram       000000
__Hconfig                                    config       30000E
__Hconst                                     const        000000
__HcstackCOMRAM                              cstackCOMRAM 000000
__Hdata                                      data         000000
__HdataBANK0                                 dataBANK0    000000
__HdataCOMRAM                                dataCOMRAM   000000
__Heeprom_data                               eeprom_data  000000
__Hfarbss                                    farbss       000000
__Hfardata                                   fardata      000000
__Hheap                                      heap         000000
__Hibigdata                                  ibigdata     000000
__Hidata                                     idata        000000
__HidataBANK0                                idataBANK0   000000
__HidataCOMRAM                               idataCOMRAM  000000
__Hidloc                                     idloc        200008
__Hifardata                                  ifardata     000000
__Hinit                                      init         000012
__Hintcode                                   intcode      00000E
__Hintcode_body                              intcode_body 000000
__Hintcodelo                                 intcodelo    00000E
__Hintentry                                  intentry     000000
__Hintret                                    intret       000000
__Hintsave_regs                              intsave_regs 000000
__Hirdata                                    irdata       000000
__Hmediumconst                               mediumconst  000000
__HnvFARRAM                                  nvFARRAM     000000
__Hnvbit                                     nvbit        000000
__Hnvrram                                    nvrram       000000
__Hparam                                     rparam       000000
__Hpowerup                                   powerup      00000E
__Hram                                       ram          000000
__Hramtop                                    ramtop       000600
__Hrbit                                      rbit         000000
__Hrbss                                      rbss         000000
__Hrdata                                     rdata        000000
__Hreset_vec                                 reset_vec    000004
__Hrparam                                    rparam       000000
__Hsfr                                       sfr          000000
__Hsivt_hi                                   sivt_hi      000000
__Hsivt_lo                                   sivt_lo      000000
__Hsmallconst                                smallconst   000602
__Hspace_0                                   (abs)        001934
__Hspace_1                                   (abs)        00008F
__Hspace_2                                   (abs)        000000
__Hspace_4                                   (abs)        60000E
__Hstack                                     stack        000000
__Hstruct                                    struct       000000
__Htemp                                      temp         00005F
__Htext                                      text         000000
__Htext0                                     text0        000000
__Htext1                                     text1        000000
__Htext10                                    text10       000000
__Htext11                                    text11       000000
__Htext12                                    text12       000000
__Htext13                                    text13       000000
__Htext14                                    text14       000000
__Htext15                                    text15       000000
__Htext16                                    text16       000000
__Htext17                                    text17       000000
__Htext18                                    text18       000000
__Htext19                                    text19       000000
__Htext2                                     text2        000000
__Htext20                                    text20       000000
__Htext3                                     text3        000000
__Htext4                                     text4        000000
__Htext5                                     text5        000000
__Htext6                                     text6        000000
__Htext7                                     text7        000000
__Htext8                                     text8        000000
__Htext9                                     text9        000000
__LRAM                                       (abs)        000001
__L__absolute__                              __absolute__ 000000
__Labs1                                      abs1         000000
__Lbank0                                     bank0        000000
__Lbank1                                     bank1        000000
__Lbank2                                     bank2        000000
__Lbank3                                     bank3        000000
__Lbank4                                     bank4        000000
__Lbank5                                     bank5        000000
__Lbigbss                                    bigbss       000000
__Lbigdata                                   bigdata      000000
__Lbigram                                    bigram       000000
__Lbigsfr                                    bigsfr       000000
__Lbss                                       bss          000000
__LbssBANK0                                  bssBANK0     000000
__LbssCOMRAM                                 bssCOMRAM    000000
__Lcinit                                     cinit        000000
__Lclrtext                                   clrtext      000000
__Lcomram                                    comram       000000
__Lconfig                                    config       000000
__Lconst                                     const        000000
__LcstackCOMRAM                              cstackCOMRAM 000000
__Ldata                                      data         000000
__LdataBANK0                                 dataBANK0    000000
__LdataCOMRAM                                dataCOMRAM   000000
__Leeprom_data                               eeprom_data  000000
__Lfarbss                                    farbss       000000
__Lfardata                                   fardata      000000
__Lheap                                      heap         000000
__Libigdata                                  ibigdata     000000
__Lidata                                     idata        000000
__LidataBANK0                                idataBANK0   000000
__LidataCOMRAM                               idataCOMRAM  000000
__Lidloc                                     idloc        000000
__Lifardata                                  ifardata     000000
__Linit                                      init         00000E
__Lintcode                                   intcode      000008
__Lintcode_body                              intcode_body 000000
__Lintcodelo                                 intcodelo    00000E
__Lintentry                                  intentry     000000
__Lintret                                    intret       000000
__Lintsave_regs                              intsave_regs 000000
__Lirdata                                    irdata       000000
__Lmediumconst                               mediumconst  000000
__LnvFARRAM                                  nvFARRAM     000000
__Lnvbit                                     nvbit        000000
__Lnvrram                                    nvrram       000000
__Lparam                                     rparam       000000
__Lpowerup                                   powerup      00000E
__Lram                                       ram          000000
__Lramtop                                    ramtop       000600
__Lrbit                                      rbit         000000
__Lrbss                                      rbss         000000
__Lrdata                                     rdata        000000
__Lreset_vec                                 reset_vec    000000
__Lrparam                                    rparam       000000
__Lsfr                                       sfr          000000
__Lsivt_hi                                   sivt_hi      000000
__Lsivt_lo                                   sivt_lo      000000
__Lsmallconst                                smallconst   000600
__Lspace_0                                   (abs)        000000
__Lspace_1                                   (abs)        000000
__Lspace_2                                   (abs)        000000
__Lspace_4                                   (abs)        000000
__Lstack                                     stack        000000
__Lstruct                                    struct       000000
__Ltemp                                      temp         00005E
__Ltext                                      text         000000
__Ltext0                                     text0        000000
__Ltext1                                     text1        000000
__Ltext10                                    text10       000000
__Ltext11                                    text11       000000
__Ltext12                                    text12       000000
__Ltext13                                    text13       000000
__Ltext14                                    text14       000000
__Ltext15                                    text15       000000
__Ltext16                                    text16       000000
__Ltext17                                    text17       000000
__Ltext18                                    text18       000000
__Ltext19                                    text19       000000
__Ltext2                                     text2        000000
__Ltext20                                    text20       000000
__Ltext3                                     text3        000000
__Ltext4                                     text4        000000
__Ltext5                                     text5        000000
__Ltext6                                     text6        000000
__Ltext7                                     text7        000000
__Ltext8                                     text8        000000
__Ltext9                                     text9        000000
__S0                                         (abs)        001934
__S1                                         (abs)        00008F
__S4                                         (abs)        000000
__S5                                         (abs)        000000
___awdiv                                     text20       0012FC
___awdiv@counter                             cstackCOMRAM 00004D
___awdiv@dividend                            cstackCOMRAM 000049
___awdiv@divisor                             cstackCOMRAM 00004B
___awdiv@quotient                            cstackCOMRAM 00004F
___awdiv@sign                                cstackCOMRAM 00004E
___awmod                                     text19       0013BE
___awmod@counter                             cstackCOMRAM 000055
___awmod@dividend                            cstackCOMRAM 000051
___awmod@divisor                             cstackCOMRAM 000053
___awmod@sign                                cstackCOMRAM 000056
___heap_hi                                   (abs)        000000
___heap_lo                                   (abs)        000000
___inthi_sp                                  stack        000000
___inthi_stack_hi                            stack        000000
___inthi_stack_lo                            stack        000000
___intlo_sp                                  stack        000000
___intlo_stack_hi                            stack        000000
___intlo_stack_lo                            stack        000000
___param_bank                                (abs)        000000
___rparam_used                               (abs)        000001
___sp                                        stack        000000
___stack_hi                                  stack        000000
___stack_lo                                  stack        000000
__accesstop                                  (abs)        000060
__activetblptr                               (abs)        000000
__end_of___awdiv                             text20       0013BE
__end_of___awmod                             text19       00146C
__end_of__initialization                     cinit        001612
__end_of_can_receive                         text18       001844
__end_of_can_receive_data                    text16       0012FC
__end_of_can_transmit                        text6        0014E2
__end_of_display                             text10       0015BA
__end_of_init_can                            text15       00188C
__end_of_init_config                         text11       0018F6
__end_of_init_digital_keypad                 text14       001934
__end_of_init_external_interrupt             text13       00192C
__end_of_init_ssd_control                    text12       001918
__end_of_isr                                 intcode_body 00167C
__end_of_main                                text0        000CA8
__end_of_product_id_function                 text8        000FCA
__end_of_read_digital_keypad                 text7        001556
__end_of_read_internal_eeprom                text17       001908
__end_of_update_stock                        text5        0017F4
__end_of_update_stock1                       text4        001796
__end_of_update_stock2                       text3        001738
__end_of_update_stock3                       text2        0016DA
__end_of_update_stock_function               text1        001182
__end_of_write_internal_eeprom               text9        0018BC
__initialization                             cinit        0015BA
__mediumconst                                mediumconst  000000
__pbssBANK0                                  bssBANK0     000060
__pbssCOMRAM                                 bssCOMRAM    000001
__pcinit                                     cinit        0015BA
__pcstackCOMRAM                              cstackCOMRAM 000049
__pdataBANK0                                 dataBANK0    000083
__pdataCOMRAM                                dataCOMRAM   000028
__pidataBANK0                                idataBANK0   001918
__pidataCOMRAM                               idataCOMRAM  0018BC
__pintcode                                   intcode      000008
__pintcode_body                              intcode_body 00161C
__psmallconst                                smallconst   000600
__ptext0                                     text0        000602
__ptext1                                     text1        000FCA
__ptext10                                    text10       001556
__ptext11                                    text11       0018DE
__ptext12                                    text12       001908
__ptext13                                    text13       001924
__ptext14                                    text14       00192C
__ptext15                                    text15       001844
__ptext16                                    text16       001182
__ptext17                                    text17       0018F6
__ptext18                                    text18       0017F4
__ptext19                                    text19       0013BE
__ptext2                                     text2        00167C
__ptext20                                    text20       0012FC
__ptext3                                     text3        0016DA
__ptext4                                     text4        001738
__ptext5                                     text5        001796
__ptext6                                     text6        00146C
__ptext7                                     text7        0014E2
__ptext8                                     text8        000CA8
__ptext9                                     text9        00188C
__ramtop                                     ramtop       000600
__smallconst                                 smallconst   000600
_can_payload                                 bssBANK0     000060
_can_receive                                 text18       0017F4
_can_receive_data                            text16       001182
_can_transmit                                text6        00146C
_count                                       bssCOMRAM    000026
_count1                                      bssCOMRAM    000025
_count2                                      bssCOMRAM    000024
_count3                                      bssCOMRAM    000023
_digit                                       dataCOMRAM   000028
_display                                     text10       001556
_display_flag_product                        bssCOMRAM    00000D
_display_flag_update                         bssCOMRAM    00000F
_dp_flag                                     dataCOMRAM   000036
_init_can                                    text15       001844
_init_config                                 text11       0018DE
_init_digital_keypad                         text14       00192C
_init_external_interrupt                     text13       001924
_init_ssd_control                            text12       001908
_inside_update_flag                          bssCOMRAM    000019
_interrupt_flag                              bssCOMRAM    000021
_isr                                         intcode      000008
_key                                         bssCOMRAM    000027
_key_flag                                    dataCOMRAM   000042
_main                                        text0        000602
_normal_client_flag                          dataCOMRAM   00003A
_product                                     dataBANK0    000087
_product_id_function                         text8        000CA8
_product_save_flag                           bssCOMRAM    000013
_read_digital_keypad                         text7        0014E2
_read_internal_eeprom                        text17       0018F6
_read_one_time                               bssCOMRAM    00000B
_read_product_flag                           dataCOMRAM   00003E
_read_update_flag                            dataCOMRAM   000040
_receive_conform_flag                        bssBANK0     000081
_receive_flag                                dataBANK0    000085
_receive_interrupt_flag                      dataBANK0    000083
_receive_toggle_flag                         dataCOMRAM   000038
_received_pt_id                              bssBANK0     00006D
_received_up_stk                             bssBANK0     000077
_save_flag                                   bssCOMRAM    000017
_server_enter_flag                           bssCOMRAM    000009
_server_flag                                 dataCOMRAM   000034
_ssd                                         dataCOMRAM   000045
_sw2_flag                                    bssCOMRAM    00001D
_sw3_1_flag                                  bssCOMRAM    000011
_sw3_exit_flag                               bssCOMRAM    00001B
_sw3_flag                                    bssCOMRAM    00001F
_update                                      dataBANK0    00008B
_update_flag                                 dataCOMRAM   00003C
_update_save_flag                            bssCOMRAM    000015
_update_stock                                text5        001796
_update_stock1                               text4        001738
_update_stock2                               text3        0016DA
_update_stock3                               text2        00167C
_update_stock_function                       text1        000FCA
_write_internal_eeprom                       text9        00188C
btemp                                        temp         00005E
can_receive_data@index                       cstackCOMRAM 00004E
display@data                                 cstackCOMRAM 000049
display@digit                                cstackCOMRAM 00004E
display@wait                                 cstackCOMRAM 00004C
end_of_initialization                        cinit        001612
int$flags                                    temp         00005E
int_func                                     intcode_body 00161C
intlevel0                                    text         000000
intlevel1                                    text         000000
intlevel2                                    text         000000
intlevel3                                    text         000000
isa$std                                      (abs)        000001
isa$xinst                                    (abs)        000000
main@delay                                   bssCOMRAM    000007
main@delay1                                  bssCOMRAM    000005
main@i                                       cstackCOMRAM 00005C
main@server_data                             bssCOMRAM    000003
read_digital_keypad@detection_type           cstackCOMRAM 000049
read_digital_keypad@once                     dataCOMRAM   000044
read_internal_eeprom@address                 cstackCOMRAM 000049
received_data_from_server@num                bssCOMRAM    000001
received_data_from_server@once_read_can_data dataCOMRAM   000032
stackhi                                      (abs)        000000
stacklo                                      (abs)        000000
start                                        init         00000E
start_initialization                         cinit        0015BA
ttemp5                                       temp         00005F
ttemp6                                       temp         000062
ttemp7                                       temp         000066
write_internal_eeprom@address                cstackCOMRAM 000058
write_internal_eeprom@data                   cstackCOMRAM 000057
wtemp8                                       temp         00005F


MODULE INFORMATION

Module		Function		Class		Link	Load	Size
digital_keypad.c
		_init_digital_keypad		CODE           	192C	0000	8
		_read_digital_keypad		CODE           	14E2	0000	116

digital_keypad.c estimated size: 124

update_stock.c
		_update_stock_function		CODE           	0FCA	0000	440

update_stock.c estimated size: 440

C:\Program Files\Microchip\xc8\v2.50\pic\sources\c99\common\awmod.c
		___awmod       		CODE           	13BE	0000	174

C:\Program Files\Microchip\xc8\v2.50\pic\sources\c99\common\awmod.c estimated size: 174

ssd_display.c
		_display       		CODE           	1556	0000	100
		_init_ssd_control		CODE           	1908	0000	16

ssd_display.c estimated size: 116

eeprom.c
		_read_internal_eeprom		CODE           	18F6	0000	18
		_write_internal_eeprom		CODE           	188C	0000	48

eeprom.c estimated size: 66

product_id.c
		_product_id_function		CODE           	0CA8	0000	802

product_id.c estimated size: 802

enxtenal_interrupt.c
		_init_external_interrupt		CODE           	1924	0000	8

enxtenal_interrupt.c estimated size: 8

isr.c
		_isr           		CODE           	0008	0000	102

isr.c estimated size: 102

shared
		__initialization		CODE           	15BA	0000	88

shared estimated size: 88

can.c
		_can_transmit  		CODE           	146C	0000	118
		_init_can      		CODE           	1844	0000	72
		_can_receive   		CODE           	17F4	0000	80

can.c estimated size: 270

C:\Program Files\Microchip\xc8\v2.50\pic\sources\c99\common\awdiv.c
		___awdiv       		CODE           	12FC	0000	194

C:\Program Files\Microchip\xc8\v2.50\pic\sources\c99\common\awdiv.c estimated size: 194

increment.c
		_update_stock  		CODE           	1796	0000	94
		_update_stock1 		CODE           	1738	0000	94
		_update_stock2 		CODE           	16DA	0000	94
		_update_stock3 		CODE           	167C	0000	94

increment.c estimated size: 376

main.c
		_main          		CODE           	0602	0000	1702
		_can_receive_data		CODE           	1182	0000	378
		_init_config   		CODE           	18DE	0000	24

main.c estimated size: 2104

